// Jest Snapshot v1, https://goo.gl/fbAQLP

exports[`Pruebas con AddCategory.js debe de mostrar correctamente 1`] = `
<form
  onSubmit={[Function]}
>
  <p>
     
     
  </p>
  <input
    onChange={[Function]}
    placeholder="categoria"
    type="text"
    value=""
  />
</form>
`;
