// Jest Snapshot v1, https://goo.gl/fbAQLP

exports[`Pruebas con GifExpertApp.js Debe mostrar el componente correctamente 1`] = `
<div>
  <h2>
    GifExpertApp
  </h2>
  <AddCategory
    setCategories={[Function]}
  />
  <hr />
  <ol>
    <GifGrid
      category="taco"
      key="taco"
    />
    <GifGrid
      category="chorizo"
      key="chorizo"
    />
    <GifGrid
      category="empanada"
      key="empanada"
    />
  </ol>
</div>
`;
